// Jest Snapshot v1, https://goo.gl/fbAQLP

exports[`MainHeader Should render the LoginPage component 1`] = `
Object {
  "asFragment": [Function],
  "baseElement": <body>
    <div>
      <div
        class="sc-gswONk kJchHL"
      >
        <div
          class="sc-dkrGBB cvJVRC"
        >
          <h1
            class="sc-hLBatu QoYOU"
          >
            Log in
          </h1>
          <form
            data-testid="Login-form"
          >
            <input
              class="sc-bcXGCL ibUrKg"
              placeholder="Email"
              type="email"
              value=""
            />
            <input
              class="sc-bcXGCL ibUrKg"
              placeholder="Password"
              type="password"
              value=""
            />
            <button
              class="sc-eDvShL hKbctB primary"
              type="submit"
            >
              Login
            </button>
            <p
              class="sc-jSVask jnHlof"
            >
              You 
              don't
               have an account? 
              <a
                href="/register"
              >
                Sing up
              </a>
            </p>
          </form>
        </div>
      </div>
    </div>
  </body>,
  "container": <div>
    <div
      class="sc-gswONk kJchHL"
    >
      <div
        class="sc-dkrGBB cvJVRC"
      >
        <h1
          class="sc-hLBatu QoYOU"
        >
          Log in
        </h1>
        <form
          data-testid="Login-form"
        >
          <input
            class="sc-bcXGCL ibUrKg"
            placeholder="Email"
            type="email"
            value=""
          />
          <input
            class="sc-bcXGCL ibUrKg"
            placeholder="Password"
            type="password"
            value=""
          />
          <button
            class="sc-eDvShL hKbctB primary"
            type="submit"
          >
            Login
          </button>
          <p
            class="sc-jSVask jnHlof"
          >
            You 
            don't
             have an account? 
            <a
              href="/register"
            >
              Sing up
            </a>
          </p>
        </form>
      </div>
    </div>
  </div>,
  "debug": [Function],
  "findAllByAltText": [Function],
  "findAllByDisplayValue": [Function],
  "findAllByLabelText": [Function],
  "findAllByPlaceholderText": [Function],
  "findAllByRole": [Function],
  "findAllByTestId": [Function],
  "findAllByText": [Function],
  "findAllByTitle": [Function],
  "findByAltText": [Function],
  "findByDisplayValue": [Function],
  "findByLabelText": [Function],
  "findByPlaceholderText": [Function],
  "findByRole": [Function],
  "findByTestId": [Function],
  "findByText": [Function],
  "findByTitle": [Function],
  "getAllByAltText": [Function],
  "getAllByDisplayValue": [Function],
  "getAllByLabelText": [Function],
  "getAllByPlaceholderText": [Function],
  "getAllByRole": [Function],
  "getAllByTestId": [Function],
  "getAllByText": [Function],
  "getAllByTitle": [Function],
  "getByAltText": [Function],
  "getByDisplayValue": [Function],
  "getByLabelText": [Function],
  "getByPlaceholderText": [Function],
  "getByRole": [Function],
  "getByTestId": [Function],
  "getByText": [Function],
  "getByTitle": [Function],
  "queryAllByAltText": [Function],
  "queryAllByDisplayValue": [Function],
  "queryAllByLabelText": [Function],
  "queryAllByPlaceholderText": [Function],
  "queryAllByRole": [Function],
  "queryAllByTestId": [Function],
  "queryAllByText": [Function],
  "queryAllByTitle": [Function],
  "queryByAltText": [Function],
  "queryByDisplayValue": [Function],
  "queryByLabelText": [Function],
  "queryByPlaceholderText": [Function],
  "queryByRole": [Function],
  "queryByTestId": [Function],
  "queryByText": [Function],
  "queryByTitle": [Function],
  "rerender": [Function],
  "unmount": [Function],
}
`;
